Archive member included to satisfy reference by file (symbol)

C:/ST/STM32CubeIDE_1.16.0/STM32CubeIDE/plugins/com.st.stm32cube.ide.mcu.externaltools.gnu-tools-for-stm32.12.3.rel1.win32_1.0.200.202406191623/tools/bin/../lib/gcc/arm-none-eabi/12.3.1/../../../../arm-none-eabi/lib/thumb/v7-m/nofp\libc_nano.a(libc_a-exit.o)
                              C:/ST/STM32CubeIDE_1.16.0/STM32CubeIDE/plugins/com.st.stm32cube.ide.mcu.externaltools.gnu-tools-for-stm32.12.3.rel1.win32_1.0.200.202406191623/tools/bin/../lib/gcc/arm-none-eabi/12.3.1/../../../../arm-none-eabi/lib/thumb/v7-m/nofp/crt0.o (exit)
C:/ST/STM32CubeIDE_1.16.0/STM32CubeIDE/plugins/com.st.stm32cube.ide.mcu.externaltools.gnu-tools-for-stm32.12.3.rel1.win32_1.0.200.202406191623/tools/bin/../lib/gcc/arm-none-eabi/12.3.1/../../../../arm-none-eabi/lib/thumb/v7-m/nofp\libc_nano.a(libc_a-findfp.o)
                              C:/ST/STM32CubeIDE_1.16.0/STM32CubeIDE/plugins/com.st.stm32cube.ide.mcu.externaltools.gnu-tools-for-stm32.12.3.rel1.win32_1.0.200.202406191623/tools/bin/../lib/gcc/arm-none-eabi/12.3.1/../../../../arm-none-eabi/lib/thumb/v7-m/nofp\libc_nano.a(libc_a-exit.o) (__stdio_exit_handler)
C:/ST/STM32CubeIDE_1.16.0/STM32CubeIDE/plugins/com.st.stm32cube.ide.mcu.externaltools.gnu-tools-for-stm32.12.3.rel1.win32_1.0.200.202406191623/tools/bin/../lib/gcc/arm-none-eabi/12.3.1/../../../../arm-none-eabi/lib/thumb/v7-m/nofp\libc_nano.a(libc_a-fwalk.o)
                              C:/ST/STM32CubeIDE_1.16.0/STM32CubeIDE/plugins/com.st.stm32cube.ide.mcu.externaltools.gnu-tools-for-stm32.12.3.rel1.win32_1.0.200.202406191623/tools/bin/../lib/gcc/arm-none-eabi/12.3.1/../../../../arm-none-eabi/lib/thumb/v7-m/nofp\libc_nano.a(libc_a-findfp.o) (_fwalk_sglue)
C:/ST/STM32CubeIDE_1.16.0/STM32CubeIDE/plugins/com.st.stm32cube.ide.mcu.externaltools.gnu-tools-for-stm32.12.3.rel1.win32_1.0.200.202406191623/tools/bin/../lib/gcc/arm-none-eabi/12.3.1/../../../../arm-none-eabi/lib/thumb/v7-m/nofp\libc_nano.a(libc_a-stdio.o)
                              C:/ST/STM32CubeIDE_1.16.0/STM32CubeIDE/plugins/com.st.stm32cube.ide.mcu.externaltools.gnu-tools-for-stm32.12.3.rel1.win32_1.0.200.202406191623/tools/bin/../lib/gcc/arm-none-eabi/12.3.1/../../../../arm-none-eabi/lib/thumb/v7-m/nofp\libc_nano.a(libc_a-findfp.o) (__sread)
C:/ST/STM32CubeIDE_1.16.0/STM32CubeIDE/plugins/com.st.stm32cube.ide.mcu.externaltools.gnu-tools-for-stm32.12.3.rel1.win32_1.0.200.202406191623/tools/bin/../lib/gcc/arm-none-eabi/12.3.1/../../../../arm-none-eabi/lib/thumb/v7-m/nofp\libc_nano.a(libc_a-memset.o)
                              C:/ST/STM32CubeIDE_1.16.0/STM32CubeIDE/plugins/com.st.stm32cube.ide.mcu.externaltools.gnu-tools-for-stm32.12.3.rel1.win32_1.0.200.202406191623/tools/bin/../lib/gcc/arm-none-eabi/12.3.1/../../../../arm-none-eabi/lib/thumb/v7-m/nofp/crt0.o (memset)
C:/ST/STM32CubeIDE_1.16.0/STM32CubeIDE/plugins/com.st.stm32cube.ide.mcu.externaltools.gnu-tools-for-stm32.12.3.rel1.win32_1.0.200.202406191623/tools/bin/../lib/gcc/arm-none-eabi/12.3.1/../../../../arm-none-eabi/lib/thumb/v7-m/nofp\libc_nano.a(libc_a-closer.o)
                              C:/ST/STM32CubeIDE_1.16.0/STM32CubeIDE/plugins/com.st.stm32cube.ide.mcu.externaltools.gnu-tools-for-stm32.12.3.rel1.win32_1.0.200.202406191623/tools/bin/../lib/gcc/arm-none-eabi/12.3.1/../../../../arm-none-eabi/lib/thumb/v7-m/nofp\libc_nano.a(libc_a-stdio.o) (_close_r)
C:/ST/STM32CubeIDE_1.16.0/STM32CubeIDE/plugins/com.st.stm32cube.ide.mcu.externaltools.gnu-tools-for-stm32.12.3.rel1.win32_1.0.200.202406191623/tools/bin/../lib/gcc/arm-none-eabi/12.3.1/../../../../arm-none-eabi/lib/thumb/v7-m/nofp\libc_nano.a(libc_a-reent.o)
                              C:/ST/STM32CubeIDE_1.16.0/STM32CubeIDE/plugins/com.st.stm32cube.ide.mcu.externaltools.gnu-tools-for-stm32.12.3.rel1.win32_1.0.200.202406191623/tools/bin/../lib/gcc/arm-none-eabi/12.3.1/../../../../arm-none-eabi/lib/thumb/v7-m/nofp\libc_nano.a(libc_a-closer.o) (errno)
C:/ST/STM32CubeIDE_1.16.0/STM32CubeIDE/plugins/com.st.stm32cube.ide.mcu.externaltools.gnu-tools-for-stm32.12.3.rel1.win32_1.0.200.202406191623/tools/bin/../lib/gcc/arm-none-eabi/12.3.1/../../../../arm-none-eabi/lib/thumb/v7-m/nofp\libc_nano.a(libc_a-impure.o)
                              C:/ST/STM32CubeIDE_1.16.0/STM32CubeIDE/plugins/com.st.stm32cube.ide.mcu.externaltools.gnu-tools-for-stm32.12.3.rel1.win32_1.0.200.202406191623/tools/bin/../lib/gcc/arm-none-eabi/12.3.1/../../../../arm-none-eabi/lib/thumb/v7-m/nofp\libc_nano.a(libc_a-reent.o) (_impure_ptr)
C:/ST/STM32CubeIDE_1.16.0/STM32CubeIDE/plugins/com.st.stm32cube.ide.mcu.externaltools.gnu-tools-for-stm32.12.3.rel1.win32_1.0.200.202406191623/tools/bin/../lib/gcc/arm-none-eabi/12.3.1/../../../../arm-none-eabi/lib/thumb/v7-m/nofp\libc_nano.a(libc_a-lseekr.o)
[...]
Memory Configuration

Name             Origin             Length             Attributes
RAM              0x20000000         0x00005000         xrw
FLASH            0x08000000         0x00010000         xr
*default*        0x00000000         0xffffffff

Linker script and memory map

LOAD C:/ST/STM32CubeIDE_1.16.0/STM32CubeIDE/plugins/com.st.stm32cube.ide.mcu.externaltools.gnu-tools-for-stm32.12.3.rel1.win32_1.0.200.202406191623/tools/bin/../lib/gcc/arm-none-eabi/12.3.1/thumb/v7-m/nofp/crti.o
LOAD C:/ST/STM32CubeIDE_1.16.0/STM32CubeIDE/plugins/com.st.stm32cube.ide.mcu.externaltools.gnu-tools-for-stm32.12.3.rel1.win32_1.0.200.202406191623/tools/bin/../lib/gcc/arm-none-eabi/12.3.1/thumb/v7-m/nofp/crtbegin.o
LOAD C:/ST/STM32CubeIDE_1.16.0/STM32CubeIDE/plugins/com.st.stm32cube.ide.mcu.externaltools.gnu-tools-for-stm32.12.3.rel1.win32_1.0.200.202406191623/tools/bin/../lib/gcc/arm-none-eabi/12.3.1/../../../../arm-none-eabi/lib/thumb/v7-m/nofp/crt0.o
LOAD ./Core/Src/main.o
LOAD ./Core/Src/modbusSlave.o
LOAD ./Core/Src/modbus_crc.o
LOAD ./Core/Src/stm32f1xx_hal_msp.o
LOAD ./Core/Src/stm32f1xx_it.o
LOAD ./Core/Src/syscalls.o
LOAD ./Core/Src/sysmem.o
LOAD ./Core/Src/system_stm32f1xx.o
LOAD ./Core/Startup/startup_stm32f103c8tx.o
LOAD ./Drivers/STM32F1xx_HAL_Driver/Src/stm32f1xx_hal.o
LOAD ./Drivers/STM32F1xx_HAL_Driver/Src/stm32f1xx_hal_cortex.o
LOAD ./Drivers/STM32F1xx_HAL_Driver/Src/stm32f1xx_hal_dma.o
LOAD ./Drivers/STM32F1xx_HAL_Driver/Src/stm32f1xx_hal_exti.o
LOAD ./Drivers/STM32F1xx_HAL_Driver/Src/stm32f1xx_hal_flash.o
LOAD ./Drivers/STM32F1xx_HAL_Driver/Src/stm32f1xx_hal_flash_ex.o
LOAD ./Drivers/STM32F1xx_HAL_Driver/Src/stm32f1xx_hal_gpio.o
LOAD ./Drivers/STM32F1xx_HAL_Driver/Src/stm32f1xx_hal_gpio_ex.o
LOAD ./Drivers/STM32F1xx_HAL_Driver/Src/stm32f1xx_hal_pwr.o
LOAD ./Drivers/STM32F1xx_HAL_Driver/Src/stm32f1xx_hal_rcc.o
LOAD ./Drivers/STM32F1xx_HAL_Driver/Src/stm32f1xx_hal_rcc_ex.o
LOAD ./Drivers/STM32F1xx_HAL_Driver/Src/stm32f1xx_hal_tim.o
LOAD ./Drivers/STM32F1xx_HAL_Driver/Src/stm32f1xx_hal_tim_ex.o
LOAD ./Drivers/STM32F1xx_HAL_Driver/Src/stm32f1xx_hal_uart.o
START GROUP
LOAD C:/ST/STM32CubeIDE_1.16.0/STM32CubeIDE/plugins/com.st.stm32cube.ide.mcu.externaltools.gnu-tools-for-stm32.12.3.rel1.win32_1.0.200.202406191623/tools/bin/../lib/gcc/arm-none-eabi/12.3.1/../../../../arm-none-eabi/lib/thumb/v7-m/nofp\libc_nano.a
LOAD C:/ST/STM32CubeIDE_1.16.0/STM32CubeIDE/plugins/com.st.stm32cube.ide.mcu.externaltools.gnu-tools-for-stm32.12.3.rel1.win32_1.0.200.202406191623/tools/bin/../lib/gcc/arm-none-eabi/12.3.1/../../../../arm-none-eabi/lib/thumb/v7-m/nofp\libm.a
END GROUP
START GROUP
LOAD C:/ST/STM32CubeIDE_1.16.0/STM32CubeIDE/plugins/com.st.stm32cube.ide.mcu.externaltools.gnu-tools-for-stm32.12.3.rel1.win32_1.0.200.202406191623/tools/bin/../lib/gcc/arm-none-eabi/12.3.1/thumb/v7-m/nofp\libgcc.a
LOAD C:/ST/STM32CubeIDE_1.16.0/STM32CubeIDE/plugins/com.st.stm32cube.ide.mcu.externaltools.gnu-tools-for-stm32.12.3.rel1.win32_1.0.200.202406191623/tools/bin/../lib/gcc/arm-none-eabi/12.3.1/../../../../arm-none-eabi/lib/thumb/v7-m/nofp\libc_nano.a
END GROUP
START GROUP
LOAD C:/ST/STM32CubeIDE_1.16.0/STM32CubeIDE/plugins/com.st.stm32cube.ide.mcu.externaltools.gnu-tools-for-stm32.12.3.rel1.win32_1.0.200.202406191623/tools/bin/../lib/gcc/arm-none-eabi/12.3.1/thumb/v7-m/nofp\libgcc.a
LOAD C:/ST/STM32CubeIDE_1.16.0/STM32CubeIDE/plugins/com.st.stm32cube.ide.mcu.externaltools.gnu-tools-for-stm32.12.3.rel1.win32_1.0.200.202406191623/tools/bin/../lib/gcc/arm-none-eabi/12.3.1/../../../../arm-none-eabi/lib/thumb/v7-m/nofp\libc_nano.a
LOAD C:/ST/STM32CubeIDE_1.16.0/STM32CubeIDE/plugins/com.st.stm32cube.ide.mcu.externaltools.gnu-tools-for-stm32.12.3.rel1.win32_1.0.200.202406191623/tools/bin/../lib/gcc/arm-none-eabi/12.3.1/../../../../arm-none-eabi/lib/thumb/v7-m/nofp\libnosys.a
END GROUP
START GROUP
LOAD C:/ST/STM32CubeIDE_1.16.0/STM32CubeIDE/plugins/com.st.stm32cube.ide.mcu.externaltools.gnu-tools-for-stm32.12.3.rel1.win32_1.0.200.202406191623/tools/bin/../lib/gcc/arm-none-eabi/12.3.1/thumb/v7-m/nofp\libgcc.a
LOAD C:/ST/STM32CubeIDE_1.16.0/STM32CubeIDE/plugins/com.st.stm32cube.ide.mcu.externaltools.gnu-tools-for-stm32.12.3.rel1.win32_1.0.200.202406191623/tools/bin/../lib/gcc/arm-none-eabi/12.3.1/../../../../arm-none-eabi/lib/thumb/v7-m/nofp\libc_nano.a
LOAD C:/ST/STM32CubeIDE_1.16.0/STM32CubeIDE/plugins/com.st.stm32cube.ide.mcu.externaltools.gnu-tools-for-stm32.12.3.rel1.win32_1.0.200.202406191623/tools/bin/../lib/gcc/arm-none-eabi/12.3.1/../../../../arm-none-eabi/lib/thumb/v7-m/nofp\libnosys.a
END GROUP
LOAD C:/ST/STM32CubeIDE_1.16.0/STM32CubeIDE/plugins/com.st.stm32cube.ide.mcu.externaltools.gnu-tools-for-stm32.12.3.rel1.win32_1.0.200.202406191623/tools/bin/../lib/gcc/arm-none-eabi/12.3.1/thumb/v7-m/nofp/crtend.o
LOAD C:/ST/STM32CubeIDE_1.16.0/STM32CubeIDE/plugins/com.st.stm32cube.ide.mcu.externaltools.gnu-tools-for-stm32.12.3.rel1.win32_1.0.200.202406191623/tools/bin/../lib/gcc/arm-none-eabi/12.3.1/thumb/v7-m/nofp/crtn.o
                0x20005000                        _estack = (ORIGIN (RAM) + LENGTH (RAM))
                0x00000200                        _Min_Heap_Size = 0x200
                0x00000400                        _Min_Stack_Size = 0x400

.isr_vector     0x08000000      0x10c
                0x08000000                        . = ALIGN (0x4)
 *(.isr_vector)
 .isr_vector    0x08000000      0x10c ./Core/Startup/startup_stm32f103c8tx.o
                0x08000000                g_pfnVectors
                0x0800010c                        . = ALIGN (0x4)

.text           0x0800010c     0x2ac0
                0x0800010c                        . = ALIGN (0x4)
 *(.text)
 .text          0x0800010c       0x40 C:/ST/STM32CubeIDE_1.16.0/STM32CubeIDE/plugins/com.st.stm32cube.ide.mcu.externaltools.gnu-tools-for-stm32.12.3.rel1.win32_1.0.200.202406191623/tools/bin/../lib/gcc/arm-none-eabi/12.3.1/thumb/v7-m/nofp/crtbegin.o
 *(.text*)
 .text.HAL_UARTEx_RxEventCallback
                0x0800014c       0xc8 ./Core/Src/main.o
                0x0800014c                HAL_UARTEx_RxEventCallback
 .text.main     0x08000214       0x2c ./Core/Src/main.o
                0x08000214                main
 .text.SystemClock_Config
                0x08000240       0x8a ./Core/Src/main.o
                0x08000240                SystemClock_Config
 *fill*         0x080002ca        0x2 
 .text.MX_USART1_UART_Init
                0x080002cc       0x54 ./Core/Src/main.o
 .text.MX_GPIO_Init
                0x08000320       0x44 ./Core/Src/main.o
 .text.Error_Handler
                0x08000364        0xc ./Core/Src/main.o
                0x08000364                Error_Handler
 .text.sendData
                0x08000370       0x58 ./Core/Src/modbusSlave.o
                0x08000370                sendData
 .text.modbusException
                0x080003c8       0x40 ./Core/Src/modbusSlave.o
                0x080003c8                modbusException
 .text.readHoldingRegs
                0x08000408       0xe4 ./Core/Src/modbusSlave.o
                0x08000408                readHoldingRegs
 .text.readInputRegs
                0x080004ec       0xe4 ./Core/Src/modbusSlave.o
                0x080004ec                readInputRegs
 .text.WriteSingleHoldingRegs
                0x080005d0       0x94 ./Core/Src/modbusSlave.o
                0x080005d0                WriteSingleHoldingRegs
 .text.readCoils
                0x08000664      0x15c ./Core/Src/modbusSlave.o
                0x08000664                readCoils
 .text.readInputs
                0x080007c0      0x15c ./Core/Src/modbusSlave.o
                0x080007c0                readInputs
 .text.writeMultipleHoldingRegs
                0x0800091c       0xf8 ./Core/Src/modbusSlave.o
                0x0800091c                writeMultipleHoldingRegs
 .text.writeSingleCoil
                0x08000a14       0xf4 ./Core/Src/modbusSlave.o
                0x08000a14                writeSingleCoil
 .text.writeMultiCoils
                0x08000b08      0x16c ./Core/Src/modbusSlave.o
                0x08000b08                writeMultiCoils
 .text.crc16    0x08000c74       0x6c ./Core/Src/modbus_crc.o
                0x08000c74                crc16
 .text.HAL_MspInit
                0x08000ce0       0x64 ./Core/Src/stm32f1xx_hal_msp.o
                0x08000ce0                HAL_MspInit
 .text.HAL_UART_MspInit
                0x08000d44       0xa8 ./Core/Src/stm32f1xx_hal_msp.o
                0x08000d44                HAL_UART_MspInit
 .text.NMI_Handler
                0x08000dec        0x8 ./Core/Src/stm32f1xx_it.o
                0x08000dec                NMI_Handler
 .text.HardFault_Handler
                0x08000df4        0x8 ./Core/Src/stm32f1xx_it.o
                0x08000df4                HardFault_Handler
 .text.MemManage_Handler
                0x08000dfc        0x8 ./Core/Src/stm32f1xx_it.o
                0x08000dfc                MemManage_Handler
 .text.BusFault_Handler
                0x08000e04        0x8 ./Core/Src/stm32f1xx_it.o
                0x08000e04                BusFault_Handler
 .text.UsageFault_Handler
                0x08000e0c        0x8 ./Core/Src/stm32f1xx_it.o
                0x08000e0c                UsageFault_Handler
 .text.SVC_Handler
                0x08000e14        0xc ./Core/Src/stm32f1xx_it.o
                0x08000e14                SVC_Handler
 .text.DebugMon_Handler
                0x08000e20        0xc ./Core/Src/stm32f1xx_it.o
                0x08000e20                DebugMon_Handler
 .text.PendSV_Handler
                0x08000e2c        0xc ./Core/Src/stm32f1xx_it.o
                0x08000e2c                PendSV_Handler
 .text.SysTick_Handler
                0x08000e38        0xc ./Core/Src/stm32f1xx_it.o
                0x08000e38                SysTick_Handler
 .text.USART1_IRQHandler
                0x08000e44       0x14 ./Core/Src/stm32f1xx_it.o
                0x08000e44                USART1_IRQHandler
 .text.SystemInit
                0x08000e58        0xc ./Core/Src/system_stm32f1xx.o
                0x08000e58                SystemInit
 .text.Reset_Handler
                0x08000e64       0x48 ./Core/Startup/startup_stm32f103c8tx.o
                0x08000e64                Reset_Handler
 .text.Default_Handler
                0x08000eac        0x2 ./Core/Startup/startup_stm32f103c8tx.o
                0x08000eac                RTC_Alarm_IRQHandler
                0x08000eac                EXTI2_IRQHandler
                0x08000eac                TIM1_CC_IRQHandler
                0x08000eac                PVD_IRQHandler
                0x08000eac                EXTI3_IRQHandler
                0x08000eac                EXTI0_IRQHandler
                0x08000eac                I2C2_EV_IRQHandler
                0x08000eac                ADC1_2_IRQHandler
                0x08000eac                SPI1_IRQHandler
                0x08000eac                TAMPER_IRQHandler
                0x08000eac                DMA1_Channel4_IRQHandler
                0x08000eac                USART3_IRQHandler
                0x08000eac                RTC_IRQHandler
                0x08000eac                DMA1_Channel7_IRQHandler
                0x08000eac                CAN1_RX1_IRQHandler
                0x08000eac                TIM4_IRQHandler
                0x08000eac                I2C1_EV_IRQHandler
                0x08000eac                DMA1_Channel6_IRQHandler
                0x08000eac                TIM3_IRQHandler
                0x08000eac                RCC_IRQHandler
                0x08000eac                TIM1_TRG_COM_IRQHandler
                0x08000eac                DMA1_Channel1_IRQHandler
                0x08000eac                Default_Handler
                0x08000eac                EXTI15_10_IRQHandler
                0x08000eac                EXTI9_5_IRQHandler
                0x08000eac                SPI2_IRQHandler
                0x08000eac                DMA1_Channel5_IRQHandler
                0x08000eac                EXTI4_IRQHandler
                0x08000eac                USB_LP_CAN1_RX0_IRQHandler
                0x08000eac                USB_HP_CAN1_TX_IRQHandler
                0x08000eac                DMA1_Channel3_IRQHandler
                0x08000eac                TIM1_UP_IRQHandler
                0x08000eac                WWDG_IRQHandler
                0x08000eac                TIM2_IRQHandler
                0x08000eac                TIM1_BRK_IRQHandler
                0x08000eac                EXTI1_IRQHandler
                0x08000eac                USART2_IRQHandler
                0x08000eac                I2C2_ER_IRQHandler
                0x08000eac                DMA1_Channel2_IRQHandler
                0x08000eac                CAN1_SCE_IRQHandler
                0x08000eac                FLASH_IRQHandler
                0x08000eac                I2C1_ER_IRQHandler
                0x08000eac                USBWakeUp_IRQHandler
 *fill*         0x08000eae        0x2 
 .text.HAL_Init
                0x08000eb0       0x2c ./Drivers/STM32F1xx_HAL_Driver/Src/stm32f1xx_hal.o
                0x08000eb0                HAL_Init
 .text.HAL_InitTick
                0x08000edc       0x60 ./Drivers/STM32F1xx_HAL_Driver/Src/stm32f1xx_hal.o
                0x08000edc                HAL_InitTick
 .text.HAL_IncTick
                0x08000f3c       0x24 ./Drivers/STM32F1xx_HAL_Driver/Src/stm32f1xx_hal.o
                0x08000f3c                HAL_IncTick
 .text.HAL_GetTick
                0x08000f60       0x14 ./Drivers/STM32F1xx_HAL_Driver/Src/stm32f1xx_hal.o
                0x08000f60                HAL_GetTick
 .text.__NVIC_SetPriorityGrouping
                0x08000f74       0x48 ./Drivers/STM32F1xx_HAL_Driver/Src/stm32f1xx_hal_cortex.o
 .text.__NVIC_GetPriorityGrouping
                0x08000fbc       0x1c ./Drivers/STM32F1xx_HAL_Driver/Src/stm32f1xx_hal_cortex.o
 .text.__NVIC_EnableIRQ
                0x08000fd8       0x38 ./Drivers/STM32F1xx_HAL_Driver/Src/stm32f1xx_hal_cortex.o
 .text.__NVIC_SetPriority
                0x08001010       0x54 ./Drivers/STM32F1xx_HAL_Driver/Src/stm32f1xx_hal_cortex.o
 .text.NVIC_EncodePriority
                0x08001064       0x64 ./Drivers/STM32F1xx_HAL_Driver/Src/stm32f1xx_hal_cortex.o
 .text.SysTick_Config
                0x080010c8       0x44 ./Drivers/STM32F1xx_HAL_Driver/Src/stm32f1xx_hal_cortex.o
 .text.HAL_NVIC_SetPriorityGrouping
                0x0800110c       0x16 ./Drivers/STM32F1xx_HAL_Driver/Src/stm32f1xx_hal_cortex.o
                0x0800110c                HAL_NVIC_SetPriorityGrouping
 .text.HAL_NVIC_SetPriority
                0x08001122       0x38 ./Drivers/STM32F1xx_HAL_Driver/Src/stm32f1xx_hal_cortex.o
                0x08001122                HAL_NVIC_SetPriority
 .text.HAL_NVIC_EnableIRQ
                0x0800115a       0x1c ./Drivers/STM32F1xx_HAL_Driver/Src/stm32f1xx_hal_cortex.o
                0x0800115a                HAL_NVIC_EnableIRQ
 .text.HAL_SYSTICK_Config
                0x08001176       0x18 ./Drivers/STM32F1xx_HAL_Driver/Src/stm32f1xx_hal_cortex.o
                0x08001176                HAL_SYSTICK_Config
 .text.HAL_DMA_Abort
                0x0800118e       0x76 ./Drivers/STM32F1xx_HAL_Driver/Src/stm32f1xx_hal_dma.o
                0x0800118e                HAL_DMA_Abort
 .text.HAL_DMA_Abort_IT
                0x08001204       0xf0 ./Drivers/STM32F1xx_HAL_Driver/Src/stm32f1xx_hal_dma.o
                0x08001204                HAL_DMA_Abort_IT
 .text.HAL_GPIO_Init
                0x080012f4      0x308 ./Drivers/STM32F1xx_HAL_Driver/Src/stm32f1xx_hal_gpio.o
                0x080012f4                HAL_GPIO_Init
 .text.HAL_RCC_OscConfig
                0x080015fc      0x504 ./Drivers/STM32F1xx_HAL_Driver/Src/stm32f1xx_hal_rcc.o
                0x080015fc                HAL_RCC_OscConfig
 .text.HAL_RCC_ClockConfig
                0x08001b00      0x1d4 ./Drivers/STM32F1xx_HAL_Driver/Src/stm32f1xx_hal_rcc.o
                0x08001b00                HAL_RCC_ClockConfig
 .text.HAL_RCC_GetSysClockFreq
                0x08001cd4       0xa8 ./Drivers/STM32F1xx_HAL_Driver/Src/stm32f1xx_hal_rcc.o
                0x08001cd4                HAL_RCC_GetSysClockFreq
 .text.HAL_RCC_GetHCLKFreq
                0x08001d7c       0x14 ./Drivers/STM32F1xx_HAL_Driver/Src/stm32f1xx_hal_rcc.o
                0x08001d7c                HAL_RCC_GetHCLKFreq
 .text.HAL_RCC_GetPCLK1Freq
                0x08001d90       0x28 ./Drivers/STM32F1xx_HAL_Driver/Src/stm32f1xx_hal_rcc.o
                0x08001d90                HAL_RCC_GetPCLK1Freq
 .text.HAL_RCC_GetPCLK2Freq
                0x08001db8       0x28 ./Drivers/STM32F1xx_HAL_Driver/Src/stm32f1xx_hal_rcc.o
                0x08001db8                HAL_RCC_GetPCLK2Freq
 .text.RCC_Delay
                0x08001de0       0x3c ./Drivers/STM32F1xx_HAL_Driver/Src/stm32f1xx_hal_rcc.o
 .text.HAL_UART_Init
                0x08001e1c       0xa0 ./Drivers/STM32F1xx_HAL_Driver/Src/stm32f1xx_hal_uart.o
                0x08001e1c                HAL_UART_Init
 .text.HAL_UART_Transmit
                0x08001ebc      0x116 ./Drivers/STM32F1xx_HAL_Driver/Src/stm32f1xx_hal_uart.o
                0x08001ebc                HAL_UART_Transmit
 .text.HAL_UARTEx_ReceiveToIdle_IT
                0x08001fd2       0xba ./Drivers/STM32F1xx_HAL_Driver/Src/stm32f1xx_hal_uart.o
                0x08001fd2                HAL_UARTEx_ReceiveToIdle_IT
 .text.HAL_UART_IRQHandler
                0x0800208c      0x524 ./Drivers/STM32F1xx_HAL_Driver/Src/stm32f1xx_hal_uart.o
                0x0800208c                HAL_UART_IRQHandler
 .text.HAL_UART_TxCpltCallback
                0x080025b0       0x12 ./Drivers/STM32F1xx_HAL_Driver/Src/stm32f1xx_hal_uart.o
                0x080025b0                HAL_UART_TxCpltCallback
 .text.HAL_UART_RxCpltCallback
                0x080025c2       0x12 ./Drivers/STM32F1xx_HAL_Driver/Src/stm32f1xx_hal_uart.o
                0x080025c2                HAL_UART_RxCpltCallback
 .text.HAL_UART_ErrorCallback
                0x080025d4       0x12 ./Drivers/STM32F1xx_HAL_Driver/Src/stm32f1xx_hal_uart.o
                0x080025d4                HAL_UART_ErrorCallback
 .text.UART_WaitOnFlagUntilTimeout
                0x080025e6       0xb2 ./Drivers/STM32F1xx_HAL_Driver/Src/stm32f1xx_hal_uart.o
 .text.UART_Start_Receive_IT
                0x08002698       0x72 ./Drivers/STM32F1xx_HAL_Driver/Src/stm32f1xx_hal_uart.o
                0x08002698                UART_Start_Receive_IT
 .text.UART_EndRxTransfer
                0x0800270a       0xc4 ./Drivers/STM32F1xx_HAL_Driver/Src/stm32f1xx_hal_uart.o
 .text.UART_DMAAbortOnError
                0x080027ce       0x28 ./Drivers/STM32F1xx_HAL_Driver/Src/stm32f1xx_hal_uart.o
 .text.UART_Transmit_IT
                0x080027f6       0x9e ./Drivers/STM32F1xx_HAL_Driver/Src/stm32f1xx_hal_uart.o
 .text.UART_EndTransmit_IT
                0x08002894       0x30 ./Drivers/STM32F1xx_HAL_Driver/Src/stm32f1xx_hal_uart.o
 .text.UART_Receive_IT
                0x080028c4      0x17c ./Drivers/STM32F1xx_HAL_Driver/Src/stm32f1xx_hal_uart.o
 .text.UART_SetConfig
                0x08002a40      0x11c ./Drivers/STM32F1xx_HAL_Driver/Src/stm32f1xx_hal_uart.o
 .text.memset   0x08002b5c       0x10 C:/ST/STM32CubeIDE_1.16.0/STM32CubeIDE/plugins/com.st.stm32cube.ide.mcu.externaltools.gnu-tools-for-stm32.12.3.rel1.win32_1.0.200.202406191623/tools/bin/../lib/gcc/arm-none-eabi/12.3.1/../../../../arm-none-eabi/lib/thumb/v7-m/nofp\libc_nano.a(libc_a-memset.o)
                0x08002b5c                memset
 .text.__libc_init_array
                0x08002b6c       0x48 C:/ST/STM32CubeIDE_1.16.0/STM32CubeIDE/plugins/com.st.stm32cube.ide.mcu.externaltools.gnu-tools-for-stm32.12.3.rel1.win32_1.0.200.202406191623/tools/bin/../lib/gcc/arm-none-eabi/12.3.1/../../../../arm-none-eabi/lib/thumb/v7-m/nofp\libc_nano.a(libc_a-init.o)
                0x08002b6c                __libc_init_array
 *(.glue_7)
 .glue_7        0x08002bb4        0x0 linker stubs
 *(.glue_7t)
 .glue_7t       0x08002bb4        0x0 linker stubs
 *(.eh_frame)
 .eh_frame      0x08002bb4        0x0 C:/ST/STM32CubeIDE_1.16.0/STM32CubeIDE/plugins/com.st.stm32cube.ide.mcu.externaltools.gnu-tools-for-stm32.12.3.rel1.win32_1.0.200.202406191623/tools/bin/../lib/gcc/arm-none-eabi/12.3.1/thumb/v7-m/nofp/crtbegin.o
 *(.init)
 .init          0x08002bb4        0x4 C:/ST/STM32CubeIDE_1.16.0/STM32CubeIDE/plugins/com.st.stm32cube.ide.mcu.externaltools.gnu-tools-for-stm32.12.3.rel1.win32_1.0.200.202406191623/tools/bin/../lib/gcc/arm-none-eabi/12.3.1/thumb/v7-m/nofp/crti.o
                0x08002bb4                _init
 .init          0x08002bb8        0x8 C:/ST/STM32CubeIDE_1.16.0/STM32CubeIDE/plugins/com.st.stm32cube.ide.mcu.externaltools.gnu-tools-for-stm32.12.3.rel1.win32_1.0.200.202406191623/tools/bin/../lib/gcc/arm-none-eabi/12.3.1/thumb/v7-m/nofp/crtn.o
 *(.fini)
 .fini          0x08002bc0        0x4 C:/ST/STM32CubeIDE_1.16.0/STM32CubeIDE/plugins/com.st.stm32cube.ide.mcu.externaltools.gnu-tools-for-stm32.12.3.rel1.win32_1.0.200.202406191623/tools/bin/../lib/gcc/arm-none-eabi/12.3.1/thumb/v7-m/nofp/crti.o
                0x08002bc0                _fini
 .fini          0x08002bc4        0x8 C:/ST/STM32CubeIDE_1.16.0/STM32CubeIDE/plugins/com.st.stm32cube.ide.mcu.externaltools.gnu-tools-for-stm32.12.3.rel1.win32_1.0.200.202406191623/tools/bin/../lib/gcc/arm-none-eabi/12.3.1/thumb/v7-m/nofp/crtn.o
                0x08002bcc                        . = ALIGN (0x4)
                0x08002bcc                        _etext = .

.vfp11_veneer   0x08002bcc        0x0
 .vfp11_veneer  0x08002bcc        0x0 linker stubs

.v4_bx          0x08002bcc        0x0
 .v4_bx         0x08002bcc        0x0 linker stubs

.iplt           0x08002bcc        0x0
 .iplt          0x08002bcc        0x0 C:/ST/STM32CubeIDE_1.16.0/STM32CubeIDE/plugins/com.st.stm32cube.ide.mcu.externaltools.gnu-tools-for-stm32.12.3.rel1.win32_1.0.200.202406191623/tools/bin/../lib/gcc/arm-none-eabi/12.3.1/thumb/v7-m/nofp/crtbegin.o

.rodata         0x08002bcc      0x2ac
                0x08002bcc                        . = ALIGN (0x4)
 *(.rodata)
 *(.rodata*)
 .rodata.Input_Registers_Database
                0x08002bcc       0x64 ./Core/Src/modbusSlave.o
 .rodata.Inputs_Database
                0x08002c30       0x19 ./Core/Src/modbusSlave.o
 *fill*         0x08002c49        0x3 
 .rodata.table_crc_hi
                0x08002c4c      0x100 ./Core/Src/modbus_crc.o
 .rodata.table_crc_lo
                0x08002d4c      0x100 ./Core/Src/modbus_crc.o
 .rodata.AHBPrescTable
                0x08002e4c       0x10 ./Core/Src/system_stm32f1xx.o
                0x08002e4c                AHBPrescTable
 .rodata.APBPrescTable
                0x08002e5c        0x8 ./Core/Src/system_stm32f1xx.o
                0x08002e5c                APBPrescTable
 .rodata.aPLLMULFactorTable.1
                0x08002e64       0x10 ./Drivers/STM32F1xx_HAL_Driver/Src/stm32f1xx_hal_rcc.o
 .rodata.aPredivFactorTable.0
                0x08002e74        0x2 ./Drivers/STM32F1xx_HAL_Driver/Src/stm32f1xx_hal_rcc.o
                0x08002e78                        . = ALIGN (0x4)
 *fill*         0x08002e76        0x2 

.ARM.extab      0x08002e78        0x0
                0x08002e78                        . = ALIGN (0x4)
 *(.ARM.extab* .gnu.linkonce.armextab.*)
                0x08002e78                        . = ALIGN (0x4)

.ARM            0x08002e78        0x0
                0x08002e78                        . = ALIGN (0x4)
                0x08002e78                        __exidx_start = .
 *(.ARM.exidx*)
                0x08002e78                        __exidx_end = .
                0x08002e78                        . = ALIGN (0x4)

.preinit_array  0x08002e78        0x0
                0x08002e78                        . = ALIGN (0x4)
                0x08002e78                        PROVIDE (__preinit_array_start = .)
 *(.preinit_array*)
                0x08002e78                        PROVIDE (__preinit_array_end = .)
                0x08002e78                        . = ALIGN (0x4)

.init_array     0x08002e78        0x4
                0x08002e78                        . = ALIGN (0x4)
                0x08002e78                        PROVIDE (__init_array_start = .)
 *(SORT_BY_NAME(.init_array.*))
 *(.init_array*)
 .init_array    0x08002e78        0x4 C:/ST/STM32CubeIDE_1.16.0/STM32CubeIDE/plugins/com.st.stm32cube.ide.mcu.externaltools.gnu-tools-for-stm32.12.3.rel1.win32_1.0.200.202406191623/tools/bin/../lib/gcc/arm-none-eabi/12.3.1/thumb/v7-m/nofp/crtbegin.o
                0x08002e7c                        PROVIDE (__init_array_end = .)
                0x08002e7c                        . = ALIGN (0x4)

.fini_array     0x08002e7c        0x4
                0x08002e7c                        . = ALIGN (0x4)
                [!provide]                        PROVIDE (__fini_array_start = .)
 *(SORT_BY_NAME(.fini_array.*))
 *(.fini_array*)
 .fini_array    0x08002e7c        0x4 C:/ST/STM32CubeIDE_1.16.0/STM32CubeIDE/plugins/com.st.stm32cube.ide.mcu.externaltools.gnu-tools-for-stm32.12.3.rel1.win32_1.0.200.202406191623/tools/bin/../lib/gcc/arm-none-eabi/12.3.1/thumb/v7-m/nofp/crtbegin.o
                [!provide]                        PROVIDE (__fini_array_end = .)
                0x08002e80                        . = ALIGN (0x4)
                0x08002e80                        _sidata = LOADADDR (.data)

.rel.dyn        0x08002e80        0x0
 .rel.iplt      0x08002e80        0x0 C:/ST/STM32CubeIDE_1.16.0/STM32CubeIDE/plugins/com.st.stm32cube.ide.mcu.externaltools.gnu-tools-for-stm32.12.3.rel1.win32_1.0.200.202406191623/tools/bin/../lib/gcc/arm-none-eabi/12.3.1/thumb/v7-m/nofp/crtbegin.o

.data           0x20000000       0x8c load address 0x08002e80
                0x20000000                        . = ALIGN (0x4)
                0x20000000                        _sdata = .
 *(.data)
 *(.data*)
 .data.Holding_Registers_Database
                0x20000000       0x64 ./Core/Src/modbusSlave.o
 .data.Coils_Database
                0x20000064       0x19 ./Core/Src/modbusSlave.o
 *fill*         0x2000007d        0x3 
 .data.SystemCoreClock
                0x20000080        0x4 ./Core/Src/system_stm32f1xx.o
                0x20000080                SystemCoreClock
 .data.uwTickPrio
                0x20000084        0x4 ./Drivers/STM32F1xx_HAL_Driver/Src/stm32f1xx_hal.o
                0x20000084                uwTickPrio
 .data.uwTickFreq
                0x20000088        0x1 ./Drivers/STM32F1xx_HAL_Driver/Src/stm32f1xx_hal.o
                0x20000088                uwTickFreq
 *(.RamFunc)
 *(.RamFunc*)
                0x2000008c                        . = ALIGN (0x4)
 *fill*         0x20000089        0x3 
                0x2000008c                        _edata = .

.igot.plt       0x2000008c        0x0 load address 0x08002f0c
 .igot.plt      0x2000008c        0x0 C:/ST/STM32CubeIDE_1.16.0/STM32CubeIDE/plugins/com.st.stm32cube.ide.mcu.externaltools.gnu-tools-for-stm32.12.3.rel1.win32_1.0.200.202406191623/tools/bin/../lib/gcc/arm-none-eabi/12.3.1/thumb/v7-m/nofp/crtbegin.o
                0x2000008c                        . = ALIGN (0x4)

.bss            0x2000008c      0x268 load address 0x08002f0c
                0x2000008c                        _sbss = .
                0x2000008c                        __bss_start__ = _sbss
 *(.bss)
 .bss           0x2000008c       0x1c C:/ST/STM32CubeIDE_1.16.0/STM32CubeIDE/plugins/com.st.stm32cube.ide.mcu.externaltools.gnu-tools-for-stm32.12.3.rel1.win32_1.0.200.202406191623/tools/bin/../lib/gcc/arm-none-eabi/12.3.1/thumb/v7-m/nofp/crtbegin.o
 *(.bss*)
 .bss.huart1    0x200000a8       0x48 ./Core/Src/main.o
                0x200000a8                huart1
 .bss.RxData    0x200000f0      0x100 ./Core/Src/main.o
                0x200000f0                RxData
 .bss.TxData    0x200001f0      0x100 ./Core/Src/main.o
                0x200001f0                TxData
 .bss.uwTick    0x200002f0        0x4 ./Drivers/STM32F1xx_HAL_Driver/Src/stm32f1xx_hal.o
                0x200002f0                uwTick
 *(COMMON)
                0x200002f4                        . = ALIGN (0x4)
                0x200002f4                        _ebss = .
                0x200002f4                        __bss_end__ = _ebss

._user_heap_stack
                0x200002f4      0x604 load address 0x08002f0c
                0x200002f8                        . = ALIGN (0x8)
 *fill*         0x200002f4        0x4 
                [!provide]                        PROVIDE (end = .)
                0x200002f8                        PROVIDE (_end = .)
                0x200004f8                        . = (. + _Min_Heap_Size)
 *fill*         0x200002f8      0x200 
                0x200008f8                        . = (. + _Min_Stack_Size)
 *fill*         0x200004f8      0x400 
                0x200008f8                        . = ALIGN (0x8)

/DISCARD/
 libc.a(*)
 libm.a(*)
 libgcc.a(*)

.ARM.attributes
                0x00000000       0x29
 *(.ARM.attributes)
 .ARM.attributes
                0x00000000       0x1d C:/ST/STM32CubeIDE_1.16.0/STM32CubeIDE/plugins/com.st.stm32cube.ide.mcu.externaltools.gnu-tools-for-stm32.12.3.rel1.win32_1.0.200.202406191623/tools/bin/../lib/gcc/arm-none-eabi/12.3.1/thumb/v7-m/nofp/crti.o
 .ARM.attributes
                0x0000001d       0x2d C:/ST/STM32CubeIDE_1.16.0/STM32CubeIDE/plugins/com.st.stm32cube.ide.mcu.externaltools.gnu-tools-for-stm32.12.3.rel1.win32_1.0.200.202406191623/tools/bin/../lib/gcc/arm-none-eabi/12.3.1/thumb/v7-m/nofp/crtbegin.o
 .ARM.attributes
                0x0000004a       0x2d ./Core/Src/main.o
 .ARM.attributes
                0x00000077       0x2d ./Core/Src/modbusSlave.o
 .ARM.attributes
                0x000000a4       0x2d ./Core/Src/modbus_crc.o
 .ARM.attributes
                0x000000d1       0x2d ./Core/Src/stm32f1xx_hal_msp.o
 .ARM.attributes
                0x000000fe       0x2d ./Core/Src/stm32f1xx_it.o
 .ARM.attributes
                0x0000012b       0x2d ./Core/Src/system_stm32f1xx.o
 .ARM.attributes
                0x00000158       0x21 ./Core/Startup/startup_stm32f103c8tx.o
 .ARM.attributes
                0x00000179       0x2d ./Drivers/STM32F1xx_HAL_Driver/Src/stm32f1xx_hal.o
 .ARM.attributes
                0x000001a6       0x2d ./Drivers/STM32F1xx_HAL_Driver/Src/stm32f1xx_hal_cortex.o
 .ARM.attributes
                0x000001d3       0x2d ./Drivers/STM32F1xx_HAL_Driver/Src/stm32f1xx_hal_dma.o
 .ARM.attributes
                0x00000200       0x2d ./Drivers/STM32F1xx_HAL_Driver/Src/stm32f1xx_hal_gpio.o
 .ARM.attributes
                0x0000022d       0x2d ./Drivers/STM32F1xx_HAL_Driver/Src/stm32f1xx_hal_rcc.o
 .ARM.attributes
                0x0000025a       0x2d ./Drivers/STM32F1xx_HAL_Driver/Src/stm32f1xx_hal_uart.o
 .ARM.attributes
                0x00000287       0x2d C:/ST/STM32CubeIDE_1.16.0/STM32CubeIDE/plugins/com.st.stm32cube.ide.mcu.externaltools.gnu-tools-for-stm32.12.3.rel1.win32_1.0.200.202406191623/tools/bin/../lib/gcc/arm-none-eabi/12.3.1/../../../../arm-none-eabi/lib/thumb/v7-m/nofp\libc_nano.a(libc_a-memset.o)
 .ARM.attributes
                0x000002b4       0x2d C:/ST/STM32CubeIDE_1.16.0/STM32CubeIDE/plugins/com.st.stm32cube.ide.mcu.externaltools.gnu-tools-for-stm32.12.3.rel1.win32_1.0.200.202406191623/tools/bin/../lib/gcc/arm-none-eabi/12.3.1/../../../../arm-none-eabi/lib/thumb/v7-m/nofp\libc_nano.a(libc_a-init.o)
 .ARM.attributes
                0x000002e1       0x1d C:/ST/STM32CubeIDE_1.16.0/STM32CubeIDE/plugins/com.st.stm32cube.ide.mcu.externaltools.gnu-tools-for-stm32.12.3.rel1.win32_1.0.200.202406191623/tools/bin/../lib/gcc/arm-none-eabi/12.3.1/thumb/v7-m/nofp/crtn.o
OUTPUT(Modbus_slave.elf elf32-littlearm)
LOAD linker stubs
LOAD C:/ST/STM32CubeIDE_1.16.0/STM32CubeIDE/plugins/com.st.stm32cube.ide.mcu.externaltools.gnu-tools-for-stm32.12.3.rel1.win32_1.0.200.202406191623/tools/bin/../lib/gcc/arm-none-eabi/12.3.1/../../../../arm-none-eabi/lib/thumb/v7-m/nofp\libc.a
LOAD C:/ST/STM32CubeIDE_1.16.0/STM32CubeIDE/plugins/com.st.stm32cube.ide.mcu.externaltools.gnu-tools-for-stm32.12.3.rel1.win32_1.0.200.202406191623/tools/bin/../lib/gcc/arm-none-eabi/12.3.1/../../../../arm-none-eabi/lib/thumb/v7-m/nofp\libm.a
LOAD C:/ST/STM32CubeIDE_1.16.0/STM32CubeIDE/plugins/com.st.stm32cube.ide.mcu.externaltools.gnu-tools-for-stm32.12.3.rel1.win32_1.0.200.202406191623/tools/bin/../lib/gcc/arm-none-eabi/12.3.1/thumb/v7-m/nofp\libgcc.a

.debug_info     0x00000000     0x7b40
 .debug_info    0x00000000      0x91c ./Core/Src/main.o
 .debug_info    0x0000091c      0xa51 ./Core/Src/modbusSlave.o
 .debug_info    0x0000136d      0x143 ./Core/Src/modbus_crc.o
 .debug_info    0x000014b0      0x989 ./Core/Src/stm32f1xx_hal_msp.o
 .debug_info    0x00001e39      0x5eb ./Core/Src/stm32f1xx_it.o
 .debug_info    0x00002424      0x222 ./Core/Src/system_stm32f1xx.o
 .debug_info    0x00002646       0x30 ./Core/Startup/startup_stm32f103c8tx.o
 .debug_info    0x00002676      0x704 ./Drivers/STM32F1xx_HAL_Driver/Src/stm32f1xx_hal.o
 .debug_info    0x00002d7a      0xa87 ./Drivers/STM32F1xx_HAL_Driver/Src/stm32f1xx_hal_cortex.o
 .debug_info    0x00003801      0x6d2 ./Drivers/STM32F1xx_HAL_Driver/Src/stm32f1xx_hal_dma.o
 .debug_info    0x00003ed3      0x5ab ./Drivers/STM32F1xx_HAL_Driver/Src/stm32f1xx_hal_gpio.o
 .debug_info    0x0000447e      0x7d5 ./Drivers/STM32F1xx_HAL_Driver/Src/stm32f1xx_hal_rcc.o
 .debug_info    0x00004c53     0x2eed ./Drivers/STM32F1xx_HAL_Driver/Src/stm32f1xx_hal_uart.o

.debug_abbrev   0x00000000     0x186b
 .debug_abbrev  0x00000000      0x270 ./Core/Src/main.o
 .debug_abbrev  0x00000270      0x230 ./Core/Src/modbusSlave.o
 .debug_abbrev  0x000004a0       0xaf ./Core/Src/modbus_crc.o
 .debug_abbrev  0x0000054f      0x1ca ./Core/Src/stm32f1xx_hal_msp.o
 .debug_abbrev  0x00000719      0x176 ./Core/Src/stm32f1xx_it.o
 .debug_abbrev  0x0000088f      0x13f ./Core/Src/system_stm32f1xx.o
 .debug_abbrev  0x000009ce       0x24 ./Core/Startup/startup_stm32f103c8tx.o
 .debug_abbrev  0x000009f2      0x201 ./Drivers/STM32F1xx_HAL_Driver/Src/stm32f1xx_hal.o
 .debug_abbrev  0x00000bf3      0x2f8 ./Drivers/STM32F1xx_HAL_Driver/Src/stm32f1xx_hal_cortex.o
 .debug_abbrev  0x00000eeb      0x20b ./Drivers/STM32F1xx_HAL_Driver/Src/stm32f1xx_hal_dma.o
 .debug_abbrev  0x000010f6      0x1ca ./Drivers/STM32F1xx_HAL_Driver/Src/stm32f1xx_hal_gpio.o
 .debug_abbrev  0x000012c0      0x2b3 ./Drivers/STM32F1xx_HAL_Driver/Src/stm32f1xx_hal_rcc.o
 .debug_abbrev  0x00001573      0x2f8 ./Drivers/STM32F1xx_HAL_Driver/Src/stm32f1xx_hal_uart.o

.debug_aranges  0x00000000      0x708
 .debug_aranges
                0x00000000       0x48 ./Core/Src/main.o
 .debug_aranges
                0x00000048       0x68 ./Core/Src/modbusSlave.o
 .debug_aranges
                0x000000b0       0x20 ./Core/Src/modbus_crc.o
 .debug_aranges
                0x000000d0       0x30 ./Core/Src/stm32f1xx_hal_msp.o
 .debug_aranges
                0x00000100       0x68 ./Core/Src/stm32f1xx_it.o
 .debug_aranges
                0x00000168       0x28 ./Core/Src/system_stm32f1xx.o
 .debug_aranges
                0x00000190       0x28 ./Core/Startup/startup_stm32f103c8tx.o
 .debug_aranges
                0x000001b8       0xe0 ./Drivers/STM32F1xx_HAL_Driver/Src/stm32f1xx_hal.o
 .debug_aranges
                0x00000298      0x100 ./Drivers/STM32F1xx_HAL_Driver/Src/stm32f1xx_hal_cortex.o
 .debug_aranges
                0x00000398       0x80 ./Drivers/STM32F1xx_HAL_Driver/Src/stm32f1xx_hal_dma.o
 .debug_aranges
                0x00000418       0x58 ./Drivers/STM32F1xx_HAL_Driver/Src/stm32f1xx_hal_gpio.o
 .debug_aranges
                0x00000470       0x90 ./Drivers/STM32F1xx_HAL_Driver/Src/stm32f1xx_hal_rcc.o
 .debug_aranges
                0x00000500      0x208 ./Drivers/STM32F1xx_HAL_Driver/Src/stm32f1xx_hal_uart.o

.debug_rnglists
                0x00000000      0x55c
 .debug_rnglists
                0x00000000       0x33 ./Core/Src/main.o
 .debug_rnglists
                0x00000033       0x51 ./Core/Src/modbusSlave.o
 .debug_rnglists
                0x00000084       0x13 ./Core/Src/modbus_crc.o
 .debug_rnglists
                0x00000097       0x20 ./Core/Src/stm32f1xx_hal_msp.o
 .debug_rnglists
                0x000000b7       0x49 ./Core/Src/stm32f1xx_it.o
 .debug_rnglists
                0x00000100       0x1a ./Core/Src/system_stm32f1xx.o
 .debug_rnglists
                0x0000011a       0x19 ./Core/Startup/startup_stm32f103c8tx.o
 .debug_rnglists
                0x00000133       0xa3 ./Drivers/STM32F1xx_HAL_Driver/Src/stm32f1xx_hal.o
 .debug_rnglists
                0x000001d6       0xbb ./Drivers/STM32F1xx_HAL_Driver/Src/stm32f1xx_hal_cortex.o
 .debug_rnglists
                0x00000291       0x64 ./Drivers/STM32F1xx_HAL_Driver/Src/stm32f1xx_hal_dma.o
 .debug_rnglists
                0x000002f5       0x3f ./Drivers/STM32F1xx_HAL_Driver/Src/stm32f1xx_hal_gpio.o
 .debug_rnglists
                0x00000334       0x6c ./Drivers/STM32F1xx_HAL_Driver/Src/stm32f1xx_hal_rcc.o
 .debug_rnglists
                0x000003a0      0x1bc ./Drivers/STM32F1xx_HAL_Driver/Src/stm32f1xx_hal_uart.o

.debug_macro    0x00000000    0x16a1b
 .debug_macro   0x00000000      0x1b1 ./Core/Src/main.o
 .debug_macro   0x000001b1      0xaa8 ./Core/Src/main.o
 .debug_macro   0x00000c59      0x215 ./Core/Src/main.o
 .debug_macro   0x00000e6e       0x2e ./Core/Src/main.o
 .debug_macro   0x00000e9c       0x22 ./Core/Src/main.o
 .debug_macro   0x00000ebe       0x22 ./Core/Src/main.o
 .debug_macro   0x00000ee0       0x8e ./Core/Src/main.o
 .debug_macro   0x00000f6e       0x51 ./Core/Src/main.o
 .debug_macro   0x00000fbf      0x103 ./Core/Src/main.o
 .debug_macro   0x000010c2       0x6a ./Core/Src/main.o
 .debug_macro   0x0000112c      0x1df ./Core/Src/main.o
 .debug_macro   0x0000130b       0x1c ./Core/Src/main.o
 .debug_macro   0x00001327       0x22 ./Core/Src/main.o
 .debug_macro   0x00001349       0xbd ./Core/Src/main.o
 .debug_macro   0x00001406      0xd23 ./Core/Src/main.o
 .debug_macro   0x00002129     0xe09e ./Core/Src/main.o
 .debug_macro   0x000101c7       0x6d ./Core/Src/main.o
 .debug_macro   0x00010234     0x34a2 ./Core/Src/main.o
 .debug_macro   0x000136d6      0x189 ./Core/Src/main.o
 .debug_macro   0x0001385f       0x5c ./Core/Src/main.o
 .debug_macro   0x000138bb      0x5bc ./Core/Src/main.o
 .debug_macro   0x00013e77      0x289 ./Core/Src/main.o
 .debug_macro   0x00014100      0x1cb ./Core/Src/main.o
 .debug_macro   0x000142cb      0x114 ./Core/Src/main.o
 .debug_macro   0x000143df      0x1b2 ./Core/Src/main.o
 .debug_macro   0x00014591       0x27 ./Core/Src/main.o
 .debug_macro   0x000145b8      0x136 ./Core/Src/main.o
 .debug_macro   0x000146ee      0x1bc ./Core/Src/main.o
 .debug_macro   0x000148aa       0x34 ./Core/Src/main.o
 .debug_macro   0x000148de       0x3c ./Core/Src/main.o
 .debug_macro   0x0001491a       0x57 ./Core/Src/main.o
 .debug_macro   0x00014971       0x87 ./Core/Src/main.o
 .debug_macro   0x000149f8      0x240 ./Core/Src/main.o
 .debug_macro   0x00014c38      0x140 ./Core/Src/main.o
 .debug_macro   0x00014d78      0x28e ./Core/Src/main.o
 .debug_macro   0x00015006       0x83 ./Core/Src/main.o
 .debug_macro   0x00015089       0x1c ./Core/Src/main.o
 .debug_macro   0x000150a5      0x275 ./Core/Src/modbusSlave.o
 .debug_macro   0x0001531a       0x61 ./Core/Src/modbusSlave.o
 .debug_macro   0x0001537b       0x24 ./Core/Src/modbusSlave.o
 .debug_macro   0x0001539f       0x43 ./Core/Src/modbusSlave.o
 .debug_macro   0x000153e2       0x34 ./Core/Src/modbusSlave.o
 .debug_macro   0x00015416       0x16 ./Core/Src/modbusSlave.o
 .debug_macro   0x0001542c       0x43 ./Core/Src/modbusSlave.o
 .debug_macro   0x0001546f       0x34 ./Core/Src/modbusSlave.o
 .debug_macro   0x000154a3       0x10 ./Core/Src/modbusSlave.o
 .debug_macro   0x000154b3       0x58 ./Core/Src/modbusSlave.o
 .debug_macro   0x0001550b       0x8e ./Core/Src/modbusSlave.o
 .debug_macro   0x00015599       0x1c ./Core/Src/modbusSlave.o
 .debug_macro   0x000155b5      0x177 ./Core/Src/modbusSlave.o
 .debug_macro   0x0001572c      0x369 ./Core/Src/modbusSlave.o
 .debug_macro   0x00015a95       0x10 ./Core/Src/modbusSlave.o
 .debug_macro   0x00015aa5       0x35 ./Core/Src/modbusSlave.o
 .debug_macro   0x00015ada       0x20 ./Core/Src/modbusSlave.o
 .debug_macro   0x00015afa       0x63 ./Core/Src/modbus_crc.o
 .debug_macro   0x00015b5d      0x198 ./Core/Src/stm32f1xx_hal_msp.o
 .debug_macro   0x00015cf5      0x1a2 ./Core/Src/stm32f1xx_it.o
 .debug_macro   0x00015e97      0x18e ./Core/Src/system_stm32f1xx.o
 .debug_macro   0x00016025      0x1b2 ./Drivers/STM32F1xx_HAL_Driver/Src/stm32f1xx_hal.o
 .debug_macro   0x000161d7      0x18e ./Drivers/STM32F1xx_HAL_Driver/Src/stm32f1xx_hal_cortex.o
 .debug_macro   0x00016365      0x18e ./Drivers/STM32F1xx_HAL_Driver/Src/stm32f1xx_hal_dma.o
 .debug_macro   0x000164f3      0x1f9 ./Drivers/STM32F1xx_HAL_Driver/Src/stm32f1xx_hal_gpio.o
 .debug_macro   0x000166ec      0x1a0 ./Drivers/STM32F1xx_HAL_Driver/Src/stm32f1xx_hal_rcc.o
 .debug_macro   0x0001688c      0x18f ./Drivers/STM32F1xx_HAL_Driver/Src/stm32f1xx_hal_uart.o

.debug_line     0x00000000     0x93f0
 .debug_line    0x00000000      0x7fd ./Core/Src/main.o
 .debug_line    0x000007fd      0xe55 ./Core/Src/modbusSlave.o
 .debug_line    0x00001652      0x43b ./Core/Src/modbus_crc.o
 .debug_line    0x00001a8d      0x72b ./Core/Src/stm32f1xx_hal_msp.o
 .debug_line    0x000021b8      0x7ae ./Core/Src/stm32f1xx_it.o
 .debug_line    0x00002966      0x752 ./Core/Src/system_stm32f1xx.o
 .debug_line    0x000030b8       0x78 ./Core/Startup/startup_stm32f103c8tx.o
 .debug_line    0x00003130      0x97f ./Drivers/STM32F1xx_HAL_Driver/Src/stm32f1xx_hal.o
 .debug_line    0x00003aaf      0xb6b ./Drivers/STM32F1xx_HAL_Driver/Src/stm32f1xx_hal_cortex.o
 .debug_line    0x0000461a      0xdd8 ./Drivers/STM32F1xx_HAL_Driver/Src/stm32f1xx_hal_dma.o
 .debug_line    0x000053f2      0xa18 ./Drivers/STM32F1xx_HAL_Driver/Src/stm32f1xx_hal_gpio.o
 .debug_line    0x00005e0a      0xd88 ./Drivers/STM32F1xx_HAL_Driver/Src/stm32f1xx_hal_rcc.o
 .debug_line    0x00006b92     0x285e ./Drivers/STM32F1xx_HAL_Driver/Src/stm32f1xx_hal_uart.o

.debug_str      0x00000000    0x81812
 .debug_str     0x00000000    0x7ccfb ./Core/Src/main.o
                              0x7d08f (size before relaxing)
 .debug_str     0x0007ccfb     0x322d ./Core/Src/modbusSlave.o
                              0x80088 (size before relaxing)
 .debug_str     0x0007ff28       0x48 ./Core/Src/modbus_crc.o
                               0x3d35 (size before relaxing)
 .debug_str     0x0007ff70      0x389 ./Core/Src/stm32f1xx_hal_msp.o
                              0x7d13e (size before relaxing)
 .debug_str     0x000802f9       0xef ./Core/Src/stm32f1xx_it.o
                              0x7cdee (size before relaxing)
 .debug_str     0x000803e8       0x7e ./Core/Src/system_stm32f1xx.o
                              0x7c9c9 (size before relaxing)
 .debug_str     0x00080466       0x44 ./Core/Startup/startup_stm32f103c8tx.o
                                 0x7b (size before relaxing)
 .debug_str     0x000804aa      0x38e ./Drivers/STM32F1xx_HAL_Driver/Src/stm32f1xx_hal.o
                              0x7d0fc (size before relaxing)
 .debug_str     0x00080838      0x294 ./Drivers/STM32F1xx_HAL_Driver/Src/stm32f1xx_hal_cortex.o
                              0x7d048 (size before relaxing)
 .debug_str     0x00080acc      0x23a ./Drivers/STM32F1xx_HAL_Driver/Src/stm32f1xx_hal_dma.o
                              0x7cd72 (size before relaxing)
 .debug_str     0x00080d06      0x31d ./Drivers/STM32F1xx_HAL_Driver/Src/stm32f1xx_hal_gpio.o
                              0x7cd4f (size before relaxing)
 .debug_str     0x00081023      0x229 ./Drivers/STM32F1xx_HAL_Driver/Src/stm32f1xx_hal_rcc.o
                              0x7cdf8 (size before relaxing)
 .debug_str     0x0008124c      0x5c6 ./Drivers/STM32F1xx_HAL_Driver/Src/stm32f1xx_hal_uart.o
                              0x7d469 (size before relaxing)

.comment        0x00000000       0x43
 .comment       0x00000000       0x43 ./Core/Src/main.o
                                 0x44 (size before relaxing)
 .comment       0x00000043       0x44 ./Core/Src/modbusSlave.o
 .comment       0x00000043       0x44 ./Core/Src/modbus_crc.o
 .comment       0x00000043       0x44 ./Core/Src/stm32f1xx_hal_msp.o
 .comment       0x00000043       0x44 ./Core/Src/stm32f1xx_it.o
 .comment       0x00000043       0x44 ./Core/Src/system_stm32f1xx.o
 .comment       0x00000043       0x44 ./Drivers/STM32F1xx_HAL_Driver/Src/stm32f1xx_hal.o
 .comment       0x00000043       0x44 ./Drivers/STM32F1xx_HAL_Driver/Src/stm32f1xx_hal_cortex.o
 .comment       0x00000043       0x44 ./Drivers/STM32F1xx_HAL_Driver/Src/stm32f1xx_hal_dma.o
 .comment       0x00000043       0x44 ./Drivers/STM32F1xx_HAL_Driver/Src/stm32f1xx_hal_gpio.o
 .comment       0x00000043       0x44 ./Drivers/STM32F1xx_HAL_Driver/Src/stm32f1xx_hal_rcc.o
 .comment       0x00000043       0x44 ./Drivers/STM32F1xx_HAL_Driver/Src/stm32f1xx_hal_uart.o

.debug_frame    0x00000000     0x1ad0
 .debug_frame   0x00000000       0xd0 ./Core/Src/main.o
 .debug_frame   0x000000d0      0x178 ./Core/Src/modbusSlave.o
 .debug_frame   0x00000248       0x38 ./Core/Src/modbus_crc.o
 .debug_frame   0x00000280       0x80 ./Core/Src/stm32f1xx_hal_msp.o
 .debug_frame   0x00000300      0x120 ./Core/Src/stm32f1xx_it.o
 .debug_frame   0x00000420       0x58 ./Core/Src/system_stm32f1xx.o
 .debug_frame   0x00000478      0x334 ./Drivers/STM32F1xx_HAL_Driver/Src/stm32f1xx_hal.o
 .debug_frame   0x000007ac      0x428 ./Drivers/STM32F1xx_HAL_Driver/Src/stm32f1xx_hal_cortex.o
 .debug_frame   0x00000bd4      0x208 ./Drivers/STM32F1xx_HAL_Driver/Src/stm32f1xx_hal_dma.o
 .debug_frame   0x00000ddc      0x14c ./Drivers/STM32F1xx_HAL_Driver/Src/stm32f1xx_hal_gpio.o
 .debug_frame   0x00000f28      0x218 ./Drivers/STM32F1xx_HAL_Driver/Src/stm32f1xx_hal_rcc.o
 .debug_frame   0x00001140      0x944 ./Drivers/STM32F1xx_HAL_Driver/Src/stm32f1xx_hal_uart.o
 .debug_frame   0x00001a84       0x20 C:/ST/STM32CubeIDE_1.16.0/STM32CubeIDE/plugins/com.st.stm32cube.ide.mcu.externaltools.gnu-tools-for-stm32.12.3.rel1.win32_1.0.200.202406191623/tools/bin/../lib/gcc/arm-none-eabi/12.3.1/../../../../arm-none-eabi/lib/thumb/v7-m/nofp\libc_nano.a(libc_a-memset.o)
 .debug_frame   0x00001aa4       0x2c C:/ST/STM32CubeIDE_1.16.0/STM32CubeIDE/plugins/com.st.stm32cube.ide.mcu.externaltools.gnu-tools-for-stm32.12.3.rel1.win32_1.0.200.202406191623/tools/bin/../lib/gcc/arm-none-eabi/12.3.1/../../../../arm-none-eabi/lib/thumb/v7-m/nofp\libc_nano.a(libc_a-init.o)

.debug_line_str
                0x00000000       0x5f
 .debug_line_str
                0x00000000       0x5f ./Core/Startup/startup_stm32f103c8tx.o
